// Jest Snapshot v1, https://goo.gl/fbAQLP

exports[`renders correctly 1`] = `
<div
  className="makeStyles-container-2"
>
  <div
    className="MuiPaper-root makeStyles-root-1 MuiPaper-elevation0 MuiPaper-rounded"
    style={
      Object {
        "flexDirection": "row-reverse",
      }
    }
  >
    <div
      className="makeStyles-imgContainer-3"
    />
    <div
      className="makeStyles-contentContainer-4"
    >
      <h5
        className="MuiTypography-root MuiTypography-h5 MuiTypography-gutterBottom"
      >
        title
      </h5>
      <p
        className="MuiTypography-root makeStyles-bodyCover-6 MuiTypography-body1 MuiTypography-gutterBottom"
      >
        des
      </p>
      <span
        className="MuiTypography-root MuiTypography-overline MuiTypography-gutterBottom MuiTypography-displayBlock"
      >
        conductor
      </span>
    </div>
  </div>
</div>
`;
